./usr/local/bin/algo_app/_internal/libQt5Core-104e39d9.so.5.15.16: Can't create '.\\firmware-extract\\1.1.0-full\\rootfs\\usr\\local\\bin\\algo_app\\_internal\\libQt5Core-104e39d9.so.5.15.16': Invalid argument
./usr/local/bin/algo_app/_internal/libQt5Gui-b4c09495.so.5.15.16: Can't create '.\\firmware-extract\\1.1.0-full\\rootfs\\usr\\local\\bin\\algo_app\\_internal\\libQt5Gui-b4c09495.so.5.15.16': Invalid argument
./usr/local/bin/algo_app/_internal/libQt5Test-9a114c6a.so.5.15.16: Can't create '.\\firmware-extract\\1.1.0-full\\rootfs\\usr\\local\\bin\\algo_app\\_internal\\libQt5Test-9a114c6a.so.5.15.16': Invalid argument
./usr/local/bin/algo_app/_internal/libQt5Widgets-42fd29df.so.5.15.16: Can't create '.\\firmware-extract\\1.1.0-full\\rootfs\\usr\\local\\bin\\algo_app\\_internal\\libQt5Widgets-42fd29df.so.5.15.16': Invalid argument
./usr/local/bin/algo_app/_internal/libQt5XcbQpa-3d8da064.so.5.15.16: Can't create '.\\firmware-extract\\1.1.0-full\\rootfs\\usr\\local\\bin\\algo_app\\_internal\\libQt5XcbQpa-3d8da064.so.5.15.16': Invalid argument
./usr/local/bin/algo_app/_internal/libX11-xcb-a0297738.so.1.0.0: Can't create '.\\firmware-extract\\1.1.0-full\\rootfs\\usr\\local\\bin\\algo_app\\_internal\\libX11-xcb-a0297738.so.1.0.0': Invalid argument
./usr/local/bin/algo_app/_internal/libXau-21870672.so.6.0.0: Can't create '.\\firmware-extract\\1.1.0-full\\rootfs\\usr\\local\\bin\\algo_app\\_internal\\libXau-21870672.so.6.0.0': Invalid argument
./usr/local/bin/algo_app/_internal/libaom-e47476b8.so.3.12.1: Can't create '.\\firmware-extract\\1.1.0-full\\rootfs\\usr\\local\\bin\\algo_app\\_internal\\libaom-e47476b8.so.3.12.1': Invalid argument
./usr/local/bin/algo_app/_internal/libavcodec-df1d7c1e.so.59.37.100: Can't create '.\\firmware-extract\\1.1.0-full\\rootfs\\usr\\local\\bin\\algo_app\\_internal\\libavcodec-df1d7c1e.so.59.37.100': Invalid argument
./usr/local/bin/algo_app/_internal/libavformat-ef9e8359.so.59.27.100: Can't create '.\\firmware-extract\\1.1.0-full\\rootfs\\usr\\local\\bin\\algo_app\\_internal\\libavformat-ef9e8359.so.59.27.100': Invalid argument
./usr/local/bin/algo_app/_internal/libavif-f4efd5aa.so.16.3.0: Can't create '.\\firmware-extract\\1.1.0-full\\rootfs\\usr\\local\\bin\\algo_app\\_internal\\libavif-f4efd5aa.so.16.3.0': Invalid argument
./usr/local/bin/algo_app/_internal/libavutil-2dc4740f.so.57.28.100: Can't create '.\\firmware-extract\\1.1.0-full\\rootfs\\usr\\local\\bin\\algo_app\\_internal\\libavutil-2dc4740f.so.57.28.100': Invalid argument
./usr/local/bin/algo_app/_internal/libcrypto-43e37667.so.1.1: Can't create '.\\firmware-extract\\1.1.0-full\\rootfs\\usr\\local\\bin\\algo_app\\_internal\\libcrypto-43e37667.so.1.1': Invalid argument
./usr/local/bin/algo_app/_internal/libgfortran-8634ef04.so.3.0.0: Can't create '.\\firmware-extract\\1.1.0-full\\rootfs\\usr\\local\\bin\\algo_app\\_internal\\libgfortran-8634ef04.so.3.0.0': Invalid argument
./usr/local/bin/algo_app/_internal/libgfortran-daac5196-038a5e3c.so.5.0.0: Can't create '.\\firmware-extract\\1.1.0-full\\rootfs\\usr\\local\\bin\\algo_app\\_internal\\libgfortran-daac5196-038a5e3c.so.5.0.0': Invalid argument
./usr/local/bin/algo_app/_internal/libopenblas-r0-8966572e.3.3.so: Can't create '.\\firmware-extract\\1.1.0-full\\rootfs\\usr\\local\\bin\\algo_app\\_internal\\libopenblas-r0-8966572e.3.3.so': Invalid argument
./usr/local/bin/algo_app/_internal/libpng16-035647ca.so.16.48.0: Can't create '.\\firmware-extract\\1.1.0-full\\rootfs\\usr\\local\\bin\\algo_app\\_internal\\libpng16-035647ca.so.16.48.0': Invalid argument
./usr/local/bin/algo_app/_internal/libscipy_openblas64_-0f683016.so: Can't create '.\\firmware-extract\\1.1.0-full\\rootfs\\usr\\local\\bin\\algo_app\\_internal\\libscipy_openblas64_-0f683016.so': Invalid argument
./usr/local/bin/algo_app/_internal/libssl-b9692d76.so.1.1: Can't create '.\\firmware-extract\\1.1.0-full\\rootfs\\usr\\local\\bin\\algo_app\\_internal\\libssl-b9692d76.so.1.1': Invalid argument
./usr/local/bin/algo_app/_internal/libswresample-da2ce214.so.4.7.100: Can't create '.\\firmware-extract\\1.1.0-full\\rootfs\\usr\\local\\bin\\algo_app\\_internal\\libswresample-da2ce214.so.4.7.100': Invalid argument
./usr/local/bin/algo_app/_internal/libswscale-e52af062.so.6.7.100: Can't create '.\\firmware-extract\\1.1.0-full\\rootfs\\usr\\local\\bin\\algo_app\\_internal\\libswscale-e52af062.so.6.7.100': Invalid argument
./usr/local/bin/algo_app/_internal/libvpx-06ef2ab1.so.11.0.0: Can't create '.\\firmware-extract\\1.1.0-full\\rootfs\\usr\\local\\bin\\algo_app\\_internal\\libvpx-06ef2ab1.so.11.0.0': Invalid argument
./usr/local/bin/algo_app/_internal/libxcb-icccm-05fb8c7f.so.4.0.0: Can't create '.\\firmware-extract\\1.1.0-full\\rootfs\\usr\\local\\bin\\algo_app\\_internal\\libxcb-icccm-05fb8c7f.so.4.0.0': Invalid argument
./usr/local/bin/algo_app/_internal/libxcb-image-75825d2e.so.0.0.0: Can't create '.\\firmware-extract\\1.1.0-full\\rootfs\\usr\\local\\bin\\algo_app\\_internal\\libxcb-image-75825d2e.so.0.0.0': Invalid argument
./usr/local/bin/algo_app/_internal/libxcb-keysyms-73cd270d.so.1.0.0: Can't create '.\\firmware-extract\\1.1.0-full\\rootfs\\usr\\local\\bin\\algo_app\\_internal\\libxcb-keysyms-73cd270d.so.1.0.0': Invalid argument
./usr/local/bin/algo_app/_internal/libxcb-randr-e1606dfc.so.0.1.0: Can't create '.\\firmware-extract\\1.1.0-full\\rootfs\\usr\\local\\bin\\algo_app\\_internal\\libxcb-randr-e1606dfc.so.0.1.0': Invalid argument
./usr/local/bin/algo_app/_internal/libxcb-render-76b15fe5.so.0.0.0: Can't create '.\\firmware-extract\\1.1.0-full\\rootfs\\usr\\local\\bin\\algo_app\\_internal\\libxcb-render-76b15fe5.so.0.0.0': Invalid argument
./usr/local/bin/algo_app/_internal/libxcb-render-util-486ef3ee.so.0.0.0: Can't create '.\\firmware-extract\\1.1.0-full\\rootfs\\usr\\local\\bin\\algo_app\\_internal\\libxcb-render-util-486ef3ee.so.0.0.0': Invalid argument
./usr/local/bin/algo_app/_internal/libxcb-shape-e8fe4bc4.so.0.0.0: Can't create '.\\firmware-extract\\1.1.0-full\\rootfs\\usr\\local\\bin\\algo_app\\_internal\\libxcb-shape-e8fe4bc4.so.0.0.0': Invalid argument
./usr/local/bin/algo_app/_internal/libxcb-shm-cad72500.so.0.0.0: Can't create '.\\firmware-extract\\1.1.0-full\\rootfs\\usr\\local\\bin\\algo_app\\_internal\\libxcb-shm-cad72500.so.0.0.0': Invalid argument
./usr/local/bin/algo_app/_internal/libxcb-sync-dc271c48.so.1.0.0: Can't create '.\\firmware-extract\\1.1.0-full\\rootfs\\usr\\local\\bin\\algo_app\\_internal\\libxcb-sync-dc271c48.so.1.0.0': Invalid argument
./usr/local/bin/algo_app/_internal/libxcb-util-c74d156a.so.1.0.0: Can't create '.\\firmware-extract\\1.1.0-full\\rootfs\\usr\\local\\bin\\algo_app\\_internal\\libxcb-util-c74d156a.so.1.0.0': Invalid argument
./usr/local/bin/algo_app/_internal/libxcb-xfixes-f4cf71d4.so.0.0.0: Can't create '.\\firmware-extract\\1.1.0-full\\rootfs\\usr\\local\\bin\\algo_app\\_internal\\libxcb-xfixes-f4cf71d4.so.0.0.0': Invalid argument
./usr/local/bin/algo_app/_internal/libxcb-xinerama-6372573d.so.0.0.0: Can't create '.\\firmware-extract\\1.1.0-full\\rootfs\\usr\\local\\bin\\algo_app\\_internal\\libxcb-xinerama-6372573d.so.0.0.0': Invalid argument
./usr/local/bin/algo_app/_internal/libxcb-xkb-e2f6f9de.so.1.0.0: Can't create '.\\firmware-extract\\1.1.0-full\\rootfs\\usr\\local\\bin\\algo_app\\_internal\\libxcb-xkb-e2f6f9de.so.1.0.0': Invalid argument
./usr/local/bin/algo_app/_internal/libxkbcommon-e272a37d.so.0.0.0: Can't create '.\\firmware-extract\\1.1.0-full\\rootfs\\usr\\local\\bin\\algo_app\\_internal\\libxkbcommon-e272a37d.so.0.0.0': Invalid argument
./usr/local/bin/algo_app/_internal/libxkbcommon-x11-b76c7d31.so.0.0.0: Can't create '.\\firmware-extract\\1.1.0-full\\rootfs\\usr\\local\\bin\\algo_app\\_internal\\libxkbcommon-x11-b76c7d31.so.0.0.0': Invalid argument
tar.exe: Error exit delayed from previous errors.
